CRITICAL - 2026-05-15 09:29:58 --> CodeIgniter\View\Exceptions\ViewException: Invalid file: "mahasiswa.php"
[Method: GET, Route: /]
in SYSTEMPATH\Exceptions\FrameworkException.php on line 39.
 1 SYSTEMPATH\View\View.php(228): CodeIgniter\Exceptions\FrameworkException::forInvalidFile('mahasiswa.php')
 2 SYSTEMPATH\Common.php(1250): CodeIgniter\View\View->render('mahasiswa.php', [], true)
 3 APPPATH\Controllers\Home.php(9): view('mahasiswa.php')
 4 SYSTEMPATH\CodeIgniter.php(951): App\Controllers\Home->index()
 5 SYSTEMPATH\CodeIgniter.php(497): CodeIgniter\CodeIgniter->runController(Object(App\Controllers\Home))
 6 SYSTEMPATH\CodeIgniter.php(340): CodeIgniter\CodeIgniter->handleRequest(null, Object(Config\Cache), false)
 7 SYSTEMPATH\Boot.php(417): CodeIgniter\CodeIgniter->run()
 8 SYSTEMPATH\Boot.php(68): CodeIgniter\Boot::runCodeIgniter(Object(CodeIgniter\CodeIgniter))
 9 FCPATH\index.php(59): CodeIgniter\Boot::bootWeb(Object(Config\Paths))
10 SYSTEMPATH\rewrite.php(44): require_once('D:\\Download\\codeigniter4-framework-v4.7.2-0-gb3359be\\PWL-Yusran\\public\\index.php')
CRITICAL - 2026-05-15 09:30:49 --> CodeIgniter\View\Exceptions\ViewException: Invalid file: "mahasiswa.php"
[Method: GET, Route: /]
in SYSTEMPATH\Exceptions\FrameworkException.php on line 39.
 1 SYSTEMPATH\View\View.php(228): CodeIgniter\Exceptions\FrameworkException::forInvalidFile('mahasiswa.php')
 2 SYSTEMPATH\Common.php(1250): CodeIgniter\View\View->render('mahasiswa.php', [], true)
 3 APPPATH\Controllers\Home.php(9): view('mahasiswa.php')
 4 SYSTEMPATH\CodeIgniter.php(951): App\Controllers\Home->index()
 5 SYSTEMPATH\CodeIgniter.php(497): CodeIgniter\CodeIgniter->runController(Object(App\Controllers\Home))
 6 SYSTEMPATH\CodeIgniter.php(340): CodeIgniter\CodeIgniter->handleRequest(null, Object(Config\Cache), false)
 7 SYSTEMPATH\Boot.php(417): CodeIgniter\CodeIgniter->run()
 8 SYSTEMPATH\Boot.php(68): CodeIgniter\Boot::runCodeIgniter(Object(CodeIgniter\CodeIgniter))
 9 FCPATH\index.php(59): CodeIgniter\Boot::bootWeb(Object(Config\Paths))
10 SYSTEMPATH\rewrite.php(44): require_once('D:\\Download\\codeigniter4-framework-v4.7.2-0-gb3359be\\PWL-Yusran\\public\\index.php')
CRITICAL - 2026-05-15 09:31:02 --> CodeIgniter\View\Exceptions\ViewException: Invalid file: "mahasiswa.php"
[Method: GET, Route: /]
in SYSTEMPATH\Exceptions\FrameworkException.php on line 39.
 1 SYSTEMPATH\View\View.php(228): CodeIgniter\Exceptions\FrameworkException::forInvalidFile('mahasiswa.php')
 2 SYSTEMPATH\Common.php(1250): CodeIgniter\View\View->render('mahasiswa.php', [], true)
 3 APPPATH\Controllers\Home.php(9): view('mahasiswa.php')
 4 SYSTEMPATH\CodeIgniter.php(951): App\Controllers\Home->index()
 5 SYSTEMPATH\CodeIgniter.php(497): CodeIgniter\CodeIgniter->runController(Object(App\Controllers\Home))
 6 SYSTEMPATH\CodeIgniter.php(340): CodeIgniter\CodeIgniter->handleRequest(null, Object(Config\Cache), false)
 7 SYSTEMPATH\Boot.php(417): CodeIgniter\CodeIgniter->run()
 8 SYSTEMPATH\Boot.php(68): CodeIgniter\Boot::runCodeIgniter(Object(CodeIgniter\CodeIgniter))
 9 FCPATH\index.php(59): CodeIgniter\Boot::bootWeb(Object(Config\Paths))
10 SYSTEMPATH\rewrite.php(44): require_once('D:\\Download\\codeigniter4-framework-v4.7.2-0-gb3359be\\PWL-Yusran\\public\\index.php')
CRITICAL - 2026-05-15 09:31:03 --> CodeIgniter\View\Exceptions\ViewException: Invalid file: "mahasiswa.php"
[Method: GET, Route: /]
in SYSTEMPATH\Exceptions\FrameworkException.php on line 39.
 1 SYSTEMPATH\View\View.php(228): CodeIgniter\Exceptions\FrameworkException::forInvalidFile('mahasiswa.php')
 2 SYSTEMPATH\Common.php(1250): CodeIgniter\View\View->render('mahasiswa.php', [], true)
 3 APPPATH\Controllers\Home.php(9): view('mahasiswa.php')
 4 SYSTEMPATH\CodeIgniter.php(951): App\Controllers\Home->index()
 5 SYSTEMPATH\CodeIgniter.php(497): CodeIgniter\CodeIgniter->runController(Object(App\Controllers\Home))
 6 SYSTEMPATH\CodeIgniter.php(340): CodeIgniter\CodeIgniter->handleRequest(null, Object(Config\Cache), false)
 7 SYSTEMPATH\Boot.php(417): CodeIgniter\CodeIgniter->run()
 8 SYSTEMPATH\Boot.php(68): CodeIgniter\Boot::runCodeIgniter(Object(CodeIgniter\CodeIgniter))
 9 FCPATH\index.php(59): CodeIgniter\Boot::bootWeb(Object(Config\Paths))
10 SYSTEMPATH\rewrite.php(44): require_once('D:\\Download\\codeigniter4-framework-v4.7.2-0-gb3359be\\PWL-Yusran\\public\\index.php')
CRITICAL - 2026-05-15 09:31:03 --> CodeIgniter\View\Exceptions\ViewException: Invalid file: "mahasiswa.php"
[Method: GET, Route: /]
in SYSTEMPATH\Exceptions\FrameworkException.php on line 39.
 1 SYSTEMPATH\View\View.php(228): CodeIgniter\Exceptions\FrameworkException::forInvalidFile('mahasiswa.php')
 2 SYSTEMPATH\Common.php(1250): CodeIgniter\View\View->render('mahasiswa.php', [], true)
 3 APPPATH\Controllers\Home.php(9): view('mahasiswa.php')
 4 SYSTEMPATH\CodeIgniter.php(951): App\Controllers\Home->index()
 5 SYSTEMPATH\CodeIgniter.php(497): CodeIgniter\CodeIgniter->runController(Object(App\Controllers\Home))
 6 SYSTEMPATH\CodeIgniter.php(340): CodeIgniter\CodeIgniter->handleRequest(null, Object(Config\Cache), false)
 7 SYSTEMPATH\Boot.php(417): CodeIgniter\CodeIgniter->run()
 8 SYSTEMPATH\Boot.php(68): CodeIgniter\Boot::runCodeIgniter(Object(CodeIgniter\CodeIgniter))
 9 FCPATH\index.php(59): CodeIgniter\Boot::bootWeb(Object(Config\Paths))
10 SYSTEMPATH\rewrite.php(44): require_once('D:\\Download\\codeigniter4-framework-v4.7.2-0-gb3359be\\PWL-Yusran\\public\\index.php')
CRITICAL - 2026-05-15 09:31:03 --> CodeIgniter\View\Exceptions\ViewException: Invalid file: "mahasiswa.php"
[Method: GET, Route: /]
in SYSTEMPATH\Exceptions\FrameworkException.php on line 39.
 1 SYSTEMPATH\View\View.php(228): CodeIgniter\Exceptions\FrameworkException::forInvalidFile('mahasiswa.php')
 2 SYSTEMPATH\Common.php(1250): CodeIgniter\View\View->render('mahasiswa.php', [], true)
 3 APPPATH\Controllers\Home.php(9): view('mahasiswa.php')
 4 SYSTEMPATH\CodeIgniter.php(951): App\Controllers\Home->index()
 5 SYSTEMPATH\CodeIgniter.php(497): CodeIgniter\CodeIgniter->runController(Object(App\Controllers\Home))
 6 SYSTEMPATH\CodeIgniter.php(340): CodeIgniter\CodeIgniter->handleRequest(null, Object(Config\Cache), false)
 7 SYSTEMPATH\Boot.php(417): CodeIgniter\CodeIgniter->run()
 8 SYSTEMPATH\Boot.php(68): CodeIgniter\Boot::runCodeIgniter(Object(CodeIgniter\CodeIgniter))
 9 FCPATH\index.php(59): CodeIgniter\Boot::bootWeb(Object(Config\Paths))
10 SYSTEMPATH\rewrite.php(44): require_once('D:\\Download\\codeigniter4-framework-v4.7.2-0-gb3359be\\PWL-Yusran\\public\\index.php')
CRITICAL - 2026-05-15 09:31:03 --> CodeIgniter\View\Exceptions\ViewException: Invalid file: "mahasiswa.php"
[Method: GET, Route: /]
in SYSTEMPATH\Exceptions\FrameworkException.php on line 39.
 1 SYSTEMPATH\View\View.php(228): CodeIgniter\Exceptions\FrameworkException::forInvalidFile('mahasiswa.php')
 2 SYSTEMPATH\Common.php(1250): CodeIgniter\View\View->render('mahasiswa.php', [], true)
 3 APPPATH\Controllers\Home.php(9): view('mahasiswa.php')
 4 SYSTEMPATH\CodeIgniter.php(951): App\Controllers\Home->index()
 5 SYSTEMPATH\CodeIgniter.php(497): CodeIgniter\CodeIgniter->runController(Object(App\Controllers\Home))
 6 SYSTEMPATH\CodeIgniter.php(340): CodeIgniter\CodeIgniter->handleRequest(null, Object(Config\Cache), false)
 7 SYSTEMPATH\Boot.php(417): CodeIgniter\CodeIgniter->run()
 8 SYSTEMPATH\Boot.php(68): CodeIgniter\Boot::runCodeIgniter(Object(CodeIgniter\CodeIgniter))
 9 FCPATH\index.php(59): CodeIgniter\Boot::bootWeb(Object(Config\Paths))
10 SYSTEMPATH\rewrite.php(44): require_once('D:\\Download\\codeigniter4-framework-v4.7.2-0-gb3359be\\PWL-Yusran\\public\\index.php')
CRITICAL - 2026-05-15 09:32:02 --> CodeIgniter\View\Exceptions\ViewException: Invalid file: "app\Views\Mahasiswa_view.php"
[Method: GET, Route: /]
in SYSTEMPATH\Exceptions\FrameworkException.php on line 39.
 1 SYSTEMPATH\View\View.php(228): CodeIgniter\Exceptions\FrameworkException::forInvalidFile('app\\Views\\Mahasiswa_view.php')
 2 SYSTEMPATH\Common.php(1250): CodeIgniter\View\View->render('app\\Views\\Mahasiswa_view.php', [], true)
 3 APPPATH\Controllers\Home.php(9): view('app\\Views\\Mahasiswa_view.php')
 4 SYSTEMPATH\CodeIgniter.php(951): App\Controllers\Home->index()
 5 SYSTEMPATH\CodeIgniter.php(497): CodeIgniter\CodeIgniter->runController(Object(App\Controllers\Home))
 6 SYSTEMPATH\CodeIgniter.php(340): CodeIgniter\CodeIgniter->handleRequest(null, Object(Config\Cache), false)
 7 SYSTEMPATH\Boot.php(417): CodeIgniter\CodeIgniter->run()
 8 SYSTEMPATH\Boot.php(68): CodeIgniter\Boot::runCodeIgniter(Object(CodeIgniter\CodeIgniter))
 9 FCPATH\index.php(59): CodeIgniter\Boot::bootWeb(Object(Config\Paths))
10 SYSTEMPATH\rewrite.php(44): require_once('D:\\Download\\codeigniter4-framework-v4.7.2-0-gb3359be\\PWL-Yusran\\public\\index.php')
CRITICAL - 2026-05-15 12:47:02 --> CodeIgniter\View\Exceptions\ViewException: Invalid file: "app\Views\Mahasiswa_view.php"
[Method: GET, Route: /]
in SYSTEMPATH\Exceptions\FrameworkException.php on line 39.
 1 SYSTEMPATH\View\View.php(228): CodeIgniter\Exceptions\FrameworkException::forInvalidFile('app\\Views\\Mahasiswa_view.php')
 2 SYSTEMPATH\Common.php(1250): CodeIgniter\View\View->render('app\\Views\\Mahasiswa_view.php', [], true)
 3 APPPATH\Controllers\Home.php(9): view('app\\Views\\Mahasiswa_view.php')
 4 SYSTEMPATH\CodeIgniter.php(951): App\Controllers\Home->index()
 5 SYSTEMPATH\CodeIgniter.php(497): CodeIgniter\CodeIgniter->runController(Object(App\Controllers\Home))
 6 SYSTEMPATH\CodeIgniter.php(340): CodeIgniter\CodeIgniter->handleRequest(null, Object(Config\Cache), false)
 7 SYSTEMPATH\Boot.php(417): CodeIgniter\CodeIgniter->run()
 8 SYSTEMPATH\Boot.php(68): CodeIgniter\Boot::runCodeIgniter(Object(CodeIgniter\CodeIgniter))
 9 FCPATH\index.php(59): CodeIgniter\Boot::bootWeb(Object(Config\Paths))
10 SYSTEMPATH\rewrite.php(44): require_once('D:\\Download\\codeigniter4-framework-v4.7.2-0-gb3359be\\PWL-Yusran\\public\\index.php')
CRITICAL - 2026-05-15 12:49:48 --> CodeIgniter\View\Exceptions\ViewException: Invalid file: "app\Views\Mahasiswa_view.php"
[Method: GET, Route: /]
in SYSTEMPATH\Exceptions\FrameworkException.php on line 39.
 1 SYSTEMPATH\View\View.php(228): CodeIgniter\Exceptions\FrameworkException::forInvalidFile('app\\Views\\Mahasiswa_view.php')
 2 SYSTEMPATH\Common.php(1250): CodeIgniter\View\View->render('app\\Views\\Mahasiswa_view.php', [], true)
 3 APPPATH\Controllers\Home.php(9): view('app\\Views\\Mahasiswa_view.php')
 4 SYSTEMPATH\CodeIgniter.php(951): App\Controllers\Home->index()
 5 SYSTEMPATH\CodeIgniter.php(497): CodeIgniter\CodeIgniter->runController(Object(App\Controllers\Home))
 6 SYSTEMPATH\CodeIgniter.php(340): CodeIgniter\CodeIgniter->handleRequest(null, Object(Config\Cache), false)
 7 SYSTEMPATH\Boot.php(417): CodeIgniter\CodeIgniter->run()
 8 SYSTEMPATH\Boot.php(68): CodeIgniter\Boot::runCodeIgniter(Object(CodeIgniter\CodeIgniter))
 9 FCPATH\index.php(59): CodeIgniter\Boot::bootWeb(Object(Config\Paths))
10 SYSTEMPATH\rewrite.php(44): require_once('D:\\Download\\codeigniter4-framework-v4.7.2-0-gb3359be\\PWL-Yusran\\public\\index.php')
CRITICAL - 2026-05-15 12:49:48 --> CodeIgniter\View\Exceptions\ViewException: Invalid file: "app\Views\Mahasiswa_view.php"
[Method: GET, Route: /]
in SYSTEMPATH\Exceptions\FrameworkException.php on line 39.
 1 SYSTEMPATH\View\View.php(228): CodeIgniter\Exceptions\FrameworkException::forInvalidFile('app\\Views\\Mahasiswa_view.php')
 2 SYSTEMPATH\Common.php(1250): CodeIgniter\View\View->render('app\\Views\\Mahasiswa_view.php', [], true)
 3 APPPATH\Controllers\Home.php(9): view('app\\Views\\Mahasiswa_view.php')
 4 SYSTEMPATH\CodeIgniter.php(951): App\Controllers\Home->index()
 5 SYSTEMPATH\CodeIgniter.php(497): CodeIgniter\CodeIgniter->runController(Object(App\Controllers\Home))
 6 SYSTEMPATH\CodeIgniter.php(340): CodeIgniter\CodeIgniter->handleRequest(null, Object(Config\Cache), false)
 7 SYSTEMPATH\Boot.php(417): CodeIgniter\CodeIgniter->run()
 8 SYSTEMPATH\Boot.php(68): CodeIgniter\Boot::runCodeIgniter(Object(CodeIgniter\CodeIgniter))
 9 FCPATH\index.php(59): CodeIgniter\Boot::bootWeb(Object(Config\Paths))
10 SYSTEMPATH\rewrite.php(44): require_once('D:\\Download\\codeigniter4-framework-v4.7.2-0-gb3359be\\PWL-Yusran\\public\\index.php')
